// Jest Snapshot v1, https://goo.gl/fbAQLP

exports[`The <Checkbox /> component ‚ùå Should render the label and checkbox the user will see 1`] = `
<DocumentFragment>
  <div
    class="sc-bdvvaa"
    data-testid="Checkbox"
  >
    <input
      class="sc-hKwCoD cvFOOi"
      id="TEST_CHECKBOX_ID"
      type="checkbox"
    />
    <label
      class="sc-dkPtyc ifmMAv"
      for="TEST_CHECKBOX_ID"
    >
      <span
        class="sc-gsDJrp killZr"
      >
        TEST_CHECKBOX_LABEL
      </span>
    </label>
  </div>
</DocumentFragment>
`;
